4
s1: ell!!!  
s2: ll!!orl 
0
1
2
3
4
5
6
7
8
9 
s2 length: 7 
Empty length: 0  
Empty substring:   