Hello World
5
Iteration: Hello World
Iteration: Hello World
Iteration: Hello World
Count is greater than 2